// Jest Snapshot v1, https://goo.gl/fbAQLP

exports[`<NavBar /> should render correctly 1`] = `
<nav
  role="navigation"
>
  <ul>
     
    <li
      className=""
      key="0"
    >
      <a
        href="./"
      >
        home
      </a>
    </li>
    <li
      className=""
      key="1"
    >
      <a
        href="./results"
      >
        results
      </a>
    </li>
     
  </ul>
</nav>
`;
