// Jest Snapshot v1, https://goo.gl/fbAQLP

exports[`<Header /> should render correctly 1`] = `
<header>
  <a
    href="/"
  >
    <Image
      alt="official politico logo"
      className="logo"
      src={
        Object {
          "canInstrument": true,
          "createTransformer": [Function],
          "getCacheKey": [Function],
          "process": [Function],
        }
      }
    />
  </a>
  <span
    className="show-nav"
  >
     â˜° 
  </span>
  <NavBar />
</header>
`;
