// Jest Snapshot v1, https://goo.gl/fbAQLP

exports[`App should render correctly 1`] = `
<div>
  <h1
    className="toothy"
  >
     Welcome to the Politico. 
  </h1>
</div>
`;
