// Jest Snapshot v1, https://goo.gl/fbAQLP

exports[`<FormCard /> should render correctly 1`] = `
<form
  className="form-fields"
  header="The Sample Header"
>
  <fieldset
    className="fieldset"
  >
    <legend>
      The Sample Header
    </legend>
    <Input />
  </fieldset>
</form>
`;
