// Jest Snapshot v1, https://goo.gl/fbAQLP

exports[`<Loader /> should render correctly 1`] = `
<div
  className="center load-overlay show"
>
  <div>
    <div
      className="loader center"
      style={
        Object {
          "backgroundImage": "url([object Object])",
          "backgroundRepeat": "no-repeat",
          "backgroundSize": "contain",
          "borderRadius": 0,
        }
      }
    />
    <strong>
<<<<<<< HEAD
      please waiting am loading content
      ...
=======
      please waiting am loading content...
>>>>>>> tested loader component
    </strong>
  </div>
</div>
`;
